[36mvite v5.4.19 [32mbuilding for production...[36m[39m
transforming...
[32mΓ£ô[39m 3 modules transformed.
node.exe : [31mx[39m 
Build failed in 786ms
At C:\Program 
Files\nodejs\npx.ps1:29 
char:3
+   & $NODE_EXE 
$NPX_CLI_JS $args
+   ~~~~~~~~~~~~~~~~~~~~~~
~~~~~~~
    + CategoryInfo        
      : NotSpecified: (  
  [31mx[39m Build fail   
 ed in 786ms:String) [    
], RemoteException
    + FullyQualifiedError 
   Id : NativeCommandErr  
  or
 
[31merror during build:
[31m[vite]: Rollup 
failed to resolve import "
react-loading-skeleton/dis
t/skeleton.css" from "C:/U
sers/aveen/OneDrive/Deskto
p/academia-connect/fronten
d/src/main.jsx".
This is most likely 
unintended because it can 
break your application at 
runtime.
If you do want to 
externalize this module 
explicitly add it to
`build.rollupOptions.exter
nal`[31m
    at viteWarn (file:///C
:/Users/aveen/OneDrive/Des
ktop/academia-connect/fron
tend/node_modules/vite/dis
t/node/chunks/dep-C6uTJdX2
.js:65839:17)
    at onwarn (file:///C:/
Users/aveen/OneDrive/Deskt
op/academia-connect/fronte
nd/node_modules/@vitejs/pl
ugin-react-swc/index.js:90
:7)
    at onRollupWarning (fi
le:///C:/Users/aveen/OneDr
ive/Desktop/academia-conne
ct/frontend/node_modules/v
ite/dist/node/chunks/dep-C
6uTJdX2.js:65869:5)
    at onwarn (file:///C:/
Users/aveen/OneDrive/Deskt
op/academia-connect/fronte
nd/node_modules/vite/dist/
node/chunks/dep-C6uTJdX2.j
s:65534:7)
    at file:///C:/Users/av
een/OneDrive/Desktop/acade
mia-connect/frontend/node_
modules/rollup/dist/es/sha
red/node-entry.js:19393:13
    at Object.logger [as 
onLog] (file:///C:/Users/a
veen/OneDrive/Desktop/acad
emia-connect/frontend/node
_modules/rollup/dist/es/sh
ared/node-entry.js:21119:9
)
    at ModuleLoader.handle
InvalidResolvedId (file://
/C:/Users/aveen/OneDrive/D
esktop/academia-connect/fr
ontend/node_modules/rollup
/dist/es/shared/node-entry
.js:20008:26)
    at file:///C:/Users/av
een/OneDrive/Desktop/acade
mia-connect/frontend/node_
modules/rollup/dist/es/sha
red/node-entry.js:19966:26
[39m
